
oecho
oecho
oecho          $(hwht)ÚÄÄÄ$(cl)ÄÄ$(hwht)Ä$(cl)ÄÄÄÄÄÄ$(c1)ÄÄÄÄÄÄÄÄÄÄÄÄÄÄÄÄÄÄÄÄÄÄÄÄÄÄÄÄÄÄÄÄÄÄÄÄÄÄÄÄÄÄÄÄ$(hblk)ÄÄÄÄÄÄÄÄÄ$(cl)
oecho 	$(hblk)[$(c1)³$(hblk)]$(cl)   $(hblk)   $(cl)   $(hblk)   $(cl)    $(hwht)c y p $(cl)r e $(hblk)s s $(cl) $(hwht)  f o $(cl)r m $(hblk)a t s$(cl)
oecho 	$(hblk)[$(c1)³$(hblk)]$(cl)
oecho 	$(hblk)[$(c1)³$(hblk)]$(cl)  $(hblk)[$(cl)a$(hblk)] $(cl)away formats        $(hblk)[$(cl)k$(hblk)]$(cl) leave formats      $(hblk)[$(cl)u$(hblk)]$(cl) quit logos
oecho 	$(hblk)[$(c1)³$(hblk)]$(cl)  $(hblk)[$(cl)b$(hblk)] $(cl)echostr formats     $(hblk)[$(cl)l$(hblk)]$(cl) kick formats       $(hblk)[$(cl)v$(hblk)]$(cl) autobot formats
oecho 	$(hblk)[$(c1)³$(hblk)]$(cl)  $(hblk)[$(cl)c$(hblk)] $(cl)cdcc plist formats  $(hblk)[$(cl)m$(hblk)]$(cl) public formats     $(hblk)[$(cl)w$(hblk)]$(cl) mode formats
oecho 	$(hblk)[$(c1)³$(hblk)]$(cl)  $(hblk)[$(cl)d$(hblk)] $(cl)chanwall formats    $(hblk)[$(cl)n$(hblk)]$(cl) scan formats       $(hblk)[$(cl)x$(hblk)] $(cl)dcc bar formats
oecho 	$(hblk)[$(c1)³$(hblk)]$(cl)  $(hblk)[$(cl)e$(hblk)] $(cl)notice formats      $(hblk)[$(cl)o$(hblk)]$(cl) version formats
oecho 	$(hblk)[$(c1)³$(hblk)]$(cl)  $(hblk)[$(cl)f$(hblk)] $(cl)sent notice formats $(hblk)[$(cl)p$(hblk)] $(cl)nick comp formats
oecho 	$(hblk)[$(c1)³$(hblk)]$(cl)  $(hblk)[$(cl)g$(hblk)] $(cl)msg formats         $(hblk)[$(cl)q$(hblk)] $(cl)whois formats
oecho 	$(hblk)[$(c1)³$(hblk)]$(cl)  $(hblk)[$(cl)h$(hblk)] $(cl)sent msg formats    $(hblk)[$(cl)r$(hblk)] $(cl)dcc formats
oecho 	$(hblk)[$(c1)³$(hblk)]$(cl)  $(hblk)[$(cl)i$(hblk)]$(cl) signoff formats     $(hblk)[$(cl)s$(hblk)] $(cl)ctcp formats
oecho 	$(hblk)[$(c1)³$(hblk)]$(cl)  $(hblk)[$(cl)j$(hblk)] $(cl)join formats        $(hblk)[$(cl)t$(hblk)] $(cl)ctcp send formats
oecho 	$(hblk)[$(c1)³$(hblk)]$(cl)
oecho 	$(hblk)[$(c1)³$(hblk)]$(cl)
oecho  	 $(c1)À$(hblk)-----ÄÄÄÄÄÄÄÄÄÄÄÄÄÄÄÄÄÄÄÄÄÄÄÄÄÄÄÄÄÄÄÄÄÄÄÄÄÄÄÄÄÄÄ-----ÄÄ ÄÄ  Ä$(cl)
oecho
oecho






