$G $(hblk)[$(cl)1$(hblk)]
 $(c4)ÚÄ$(c3)Ä$(hblk)Ä$(cl)                               #dfd                                   $(hblk)Ä$(c3)¿
 $(c4)Ã$(c3)Ä$(hblk)Ä$(cl)                            $(hwht)o$(cl)ps:     6                                $(hblk)Ä$(c3)Ä$(c4)´
 $(c3)³  $(c2)@$(c1)BlaM       $(c2)@$(c1)eLm0       $(c2)@$(c1)kswapd_    $(c2)@$(c1)Nik0n      $(c2)@$(c1)t3chnic    $(c2)@$(c1)void^      $(c3)³
 $(c4)Ã$(c3)Ä$(hblk)Ä                            $(hwht)v$(cl)oc:     1                                $(hblk)Ä$(c3)Ä$(c4)´
 $(c3)³  $(c4)+$(c1)void                                                                   $(c3)³
 $(c4)Ã$(c3)Ä$(hblk)Ä                            $(hwht)n$(cl)on:     1                                $(hblk)Ä$(c3)Ä$(c4)´
 $(c3)³   $(c1)void^^                                                                 $(c3)³
 $(c3)³                                                                          $(c3)³
 $(c3)À$(hblk)Ä                                                                      $(hblk)Ä$(c3)Ä$(c4)ÄÙ

$G $(hblk)[$(cl)2$(hblk)]
                         $(hblk)[$(cl)ops\($(hwht)5$(cl))$(hblk)] [$(cl)non\($(hwht)1)$(hblk)] [$(cl)voc\($(hwht)1$(cl))$(hblk)]
  $(c1)Ú$(hblk)ÄÄÄÄ$(c1)ÄÄÄÄÄÄ$(hblk)ÄÄÄ-Ä-$(c1)--$(hblk)-ÄÄÄÄ$(c1)ÄÄÄÄÄÄÄ$(hblk)--$(c1)Ä$(hblk)-ÄÄÄÄÄ
  $(hblk)³  <\($(hwht)@$(cl)BlaM$(hblk)      )> <\($(hwht)@$(cl)eLm0$(hblk)      )> <\($(hwht)@$(cl)kswapd_$(hblk)   )> <\($(hwht)@$(cl)Nik0n$(hblk)     )>
  $(hblk)³  <\($(hwht)@$(cl)t3chnic$(hblk)   )> <\($(cyn)+$(cl)void$(hblk)      )> <\( $(cl)void^ $(hblk)    )> <\(           )>
  $(c1)ÀÄ---$(hblk)ÄÄÄ$(c1)--Ä

$G $(hblk)[$(cl)3$(hblk)]
                              $(hblk)[$(c3)o $(hblk)! $(hwht)6 $(c3)n $(hblk)! $(hwht)0 $(c3)v $(hblk)! $(hwht)0$(hblk)]
  $(c3)Ú$(hblk)ÄÄ$(c3)ÄÄÄÄÄÄÄ$(hblk)ÄÄÄÄ-Ä-$(c3)--$(hblk)ÄÄÄÄÄ$(c3)ÄÄÄÄÄÄÄ$(hblk)--Ä$(c3)-Ä$(hblk)ÄÄÄÄÄ
  $(hblk)³  \($(c3)@$(cl)BlaM$(hblk)      ) \($(c3)@$(cl)eLm0$(hblk)      ) \($(c3)@$(cl)kswapd_ $(hblk)  ) \($(c3)@$(cl)Nik0n$(hblk)     ) \($(c3)@$(cl)t3chnic $(hblk)  )
  $(hblk)³  \($(c3)@$(cl)void^$(hblk)     ) \(           ) \(           ) \(           ) \(           )
  $(c3)ÀÄ---Ä$(hblk)ÄÄ$(c3)Ä--

$G $(hblk)[$(cl)4$(hblk)]$(cl)

 $G $(hblk)[$(hgrn)Users$(hblk)\($(grn)#dfd$(hblk):$(grn)4$(hblk))]
 $(hblk)[$(hcyn)@$(hblu)BlaM     $(hblk) ] [$(hcyn)@$(hblu)kswapd $(hblk)  ] [$(hcyn)@$(hblu)void $(hblk)     ] [ $(hblu)void^ $(hblk)    ] [           ]

$G $(hblk)[$(cl)5$(hblk)]$(cl)
                              $(hblk)[$(c1)o$(hblk)!$(cl)13$(hblk)] $(hblk)[$(c1)n$(hblk)!$(cl)8$(hblk)] $(hblk)[$(c1)v$(hblk)!$(cl)0$(hblk)]
 $(hwht)  ÚÄÄ$(cl)Ä$(hwht)Ä$(cl)ÄÄÄÄÄ$(c1)ÄÄ-ÄÄÄÄÄÄÄÄÄÄÄÄÄÄÄÄÄÄÄÄÄÄÄÄÄÄÄÄÄÄÄÄÄÄÄÄÄÄÄÄÄÄÄÄÄÄ$(hblk)ÄÄÄÄÄÄÄÄÄ-
  $(hblk)[$(c1)³$(hblk)] [$(c1)@$(cl)[NK]$(hblk)      ] $(hblk)[$(c1)@$(cl)bum$(hblk)       ] [$(c1)@$(cl)fudd$(hblk)      ] [$(c1)@$(cl)icetrey $(hblk) ] [$(c1)@$(cl)IRule $(hblk)    ]
  $(hblk)[$(c1)³$(hblk)] [$(c1)@$(cl)kasper$(hblk)    ] [$(c1)@$(cl)mad^TeRKY$(hblk) ] [$(c1)@$(cl)Matt-NC  $(hblk) ] [$(c1)@$(cl)NiggliT $(hblk) ] [$(c1)@$(cl)power  $(hblk)   ]
 $(c1)  À-$(hblk)----ÄÄÄÄÄÄÄÄÄÄÄÄÄÄÄÄÄÄÄÄÄÄÄÄÄÄÄÄÄÄÄÄÄÄÄÄÄÄÄÄÄÄÄÄÄ----ÄÄ Ä  ÄÄÄ

$G $(hblk)[$(cl)6$(hblk)]$(cl)

$(hblk)   ³$(cl) users$(hblk)\($(cl)#bitchx$(hblk)\) ú $(cyn)o$(cl)ps$(hblk)\($(cl)7$(hblk)\) $(cyn)v$(cl)oc$(hblk)\($(cl)3$(hblk)\) $(cyn)n$(cl)on$(hblk)\($(cl)2$(hblk)\)$(cl)
$(cl) ÄÄÄÄÄ$(hblk)ÄÄÄÄÄÄÄÄ$(cl)Ä$(hblk)ÄÄ$(cl)ÄÄÄÄ$(hblk)ÄÄÄÄÄÄÄÄÄÄÄÄ$(cl)Ä$(hblk)ÄÄÄÄ$(cl)ÄÄÄÄÄÄÄ$(hblk)ÄÄ$(cl)ÄÄÄÄÄ$(hblk)Ä$(cl)ÄÄÄ$(hwht)Ä$(cl)ÄÄÄ$(hwht)ÄÄÄ$(cl)Ä$(hwht)ÄÄÄÄ$(cl)ÄÄÄÄÄÄ¿
   $(hblk)³ $(cyn)@$(cl)air-farce  $(hblk)ú$(cyn) @$(cl)lamerboi   $(hblK)ú$(cyn) @$(cl)void       $(hblk)ú$(cyn) @$(cl)codelogic  $(hblk)ú$(cyn) @$(cl)enoxis      ³
   $(hblk)³ $(mag)+$(cl)fudd       $(hblk)ú $(mag)+$(cl)kasper     $(hblk)ú $(mag)+$(cl)IdiotBox   $(hblk)ú $(cl)Kublai      $(hblk)ú$(cl) MHacker      ³
   $(hblk)ÀÄÄ$(cl)Ä$(hblk)ÄÄÄÄÄ$(cl)ÄÄÄÄÄÄÄ$(hblk)Ä$(cl)ÄÄÄÄÄÄÄ$(hblk)ÄÄÄÄÄÄÄÄ$(cl)ÄÄÄÄÄÄ$(hwht)ÄÄÄÄÄ$(cl)ÄÄÄÄ$(hwht)ÄÄÄ$(cl)ÄÄÄ$(hblk)ÄÄÄÄÄÄÄÄ$(cl)ÄÄ$(hblk)ÄÄÄÄÄÄÄÄ³ÄÄ

$G current format set to$(hwht) $(snf))